******************************************************************************
                  TI ARM Linker Unix v5.2.6                    
******************************************************************************
>> Linked Fri Aug 10 11:09:53 2018

OUTPUT FILE NAME:   <sensortag_cc2650stk_app.out>
ENTRY POINT SYMBOL: "ResetISR"  address: 0000b22d


MEMORY CONFIGURATION

         name            origin    length      used     unused   attr    fill
----------------------  --------  ---------  --------  --------  ----  --------
  IMAGE_HEADER          00001000   00000010  00000010  00000000  R  X
  FLASH                 00001010   00010010  0000f4ba  00000b56  R  X
  SRAM                  20000000   00004428  00002b6c  000018bc  RW X


SEGMENT ALLOCATION MAP

run origin  load origin   length   init length attrs members
----------  ----------- ---------- ----------- ----- -------
00001000    00001000    0000f4d0   0000f4d0    r-x
  00001000    00001000    00000010   00000010    r-- .imgHdr
  00001010    00001010    0000003c   0000003c    r-- .resetVecs
  0000104c    0000104c    0000e2f8   0000e2f8    r-x .text
  0000f348    0000f348    00000a46   00000a46    r-- .const
  0000fd90    0000fd90    00000740   00000740    r-- .cinit
20000430    20000430    00000010   00000000    rw-
  20000430    20000430    00000010   00000000    rw- .TI.bound:dmaSpi0RxControlTableEntry
20000440    20000440    00000010   00000000    rw-
  20000440    20000440    00000010   00000000    rw- .TI.bound:dmaSpi0TxControlTableEntry
20000500    20000500    00000010   00000000    rw-
  20000500    20000500    00000010   00000000    rw- .TI.bound:dmaSpi1RxControlTableEntry
20000510    20000510    00002874   00000000    rw-
  20000510    20000510    00000010   00000000    rw- .TI.bound:dmaSpi1TxControlTableEntry
  20000520    20000520    00000a90   00000000    rw- .data
  20000fb0    20000fb0    00001dd4   00000000    rw- .bss
20004228    20004228    00000200   00000000    rw-
  20004228    20004228    00000200   00000000    rw- .stack


SECTION ALLOCATION MAP

 output                                  attributes/
section   page    origin      length       input sections
--------  ----  ----------  ----------   ----------------
.imgHdr    0    00001000    00000010     
                  00001000    00000010     oad_target_external_flash.obj (.imgHdr:retain)

.text      0    0000104c    0000e2f8     
                  0000104c    000003b0     peripheral.obj (.text:gapRole_processGAPMsg)
                  000013fc    000003a8     RFCC26XX_singleMode.obj (.text:fsmActiveState)
                  000017a4    00000338     sysbios.aem3 : BIOS.obj (.text:xdc_runtime_System_doPrint__I)
                  00001adc    00000320     peripheral.obj (.text:GAPRole_SetParameter)
                  00001dfc    00000254     sensortag.obj (.text:SensorTag_init)
                  00002050    00000228     drivers_cc26xxware.aem3 : PowerCC26XX.oem3 (.text:Power_sleep)
                  00002278    00000204     driverlib.lib : sys_ctrl.obj (.text:NOROM_SysCtrlSetRechargeBeforePowerDown)
                  0000247c    00000200     sensortag_mov.obj (.text:SensorTagMov_processSensorEvent)
                  0000267c    000001f4     rtsv7M3_T_le_eabi.lib : ull_div_t2.obj (.text)
                  00002870    000001ec     RFCC26XX_singleMode.obj (.text:abortCmd)
                  00002a5c    000001e0     RFCC26XX_singleMode.obj (.text:RF_postCmd)
                  00002c3c    000001d0     drivers_cc26xxware.aem3 : PowerCC26XX_calibrateRCOSC.oem3 (.text:calibrateRcoscHf1)
                  00002e0c    000001bc     peripheral.obj (.text:GAPRole_GetParameter)
                  00002fc8    000001b6     rtsv7M3_T_le_eabi.lib : fd_add_t2.obj (.text)
                  0000317e    00000002     ble_user_config.obj (.text:DefaultAssertCback)
                  00003180    000001b0     PINCC26XX.obj (.text:PIN_init)
                  00003330    00000198     SPICC26XXDMA.obj (.text:SPICC26XXDMA_initIO)
                  000034c8    00000198     sensortag_mov.obj (.text:complementaryFilter)
                  00003660    00000190     drivers_cc26xxware.aem3 : UARTCC26XX.oem3 (.text:UARTCC26XX_open)
                  000037f0    00000188     rtsv7M3_T_le_eabi.lib : xatan.obj (.text)
                  00003978    00000184     drivers_cc26xxware.aem3 : PowerCC26XX_calibrateRCOSC.oem3 (.text:PowerCC26XX_doCalibrate)
                  00003afc    00000168     rtsv7M3_T_le_eabi.lib : atan2.obj (.text)
                  00003c64    00000150     devinfoservice.obj (.text:DevInfo_SetParameter)
                  00003db4    00000150     sensortag_factoryreset.obj (.text:SensorTagFactoryReset_storeCurrentImage)
                  00003f04    00000150     peripheral.obj (.text:gapRole_taskFxn)
                  00004054    0000014c     SPICC26XXDMA.obj (.text:SPICC26XXDMA_open)
                  000041a0    00000148     I2CCC26XX.obj (.text:I2CCC26XX_hwiFxn)
                  000042e8    00000140     rtsv7M3_T_le_eabi.lib : sqrt.obj (.text)
                  00004428    00000136                           : fd_div_t2.obj (.text)
                  0000455e    00000002     driverlib.lib : rfc.obj (.text:NOROM_RFCAdi3VcoLdoVoltageMode)
                  00004560    00000130                   : setup.obj (.text:NOROM_SetupAfterColdResetWakeupFromShutDownCfg3)
                  00004690    0000012c     SensorMpu9250.obj (.text:SensorMpu9250_magRead)
                  000047bc    00000128     RFCC26XX_singleMode.obj (.text:rf_init)
                  000048e4    00000120     RFCC26XX_singleMode.obj (.text:hwiFxnCpe0Active)
                  00004a04    0000011c     drivers_cc26xxware.aem3 : PowerCC26XX.oem3 (.text:Power_init)
                  00004b20    00000110     rtsv7M3_T_le_eabi.lib : xdscale.obj (.text)
                  00004c30    0000010c     app_ble_pem3.oem3 (.text:xdc_runtime_System_printfExtend__I)
                  00004d3c    00000104     RFCC26XX_singleMode.obj (.text:fsmSetupState)
                  00004e40    00000100     peripheral.obj (.text:gapRole_init)
                  00004f40    000000fc     I2CCC26XX.obj (.text:I2CCC26XX_open)
                  0000503c    000000fc     drivers_cc26xxware.aem3 : UARTCC26XX.oem3 (.text:UARTCC26XX_write)
                  00005138    000000fc     rtsv7M3_T_le_eabi.lib : fd_mul_t2.obj (.text)
                  00005234    000000fa                           : fs_add_t2.obj (.text)
                  0000532e    00000002     driverlib.lib : rfc.obj (.text:NOROM_RFCRTrim)
                  00005330    000000f8     sysbios.aem3 : BIOS.obj (.text:xdc_runtime_Startup_startMods__I)
                  00005428    000000f0     SensorMpu9250.obj (.text:SensorMpu9250_enableWom)
                  00005518    000000ec     SPICC26XXDMA.obj (.text:SPICC26XXDMA_transferCancel)
                  00005604    000000ec     drivers_cc26xxware.aem3 : UARTCC26XX.oem3 (.text:UARTCC26XX_hwiIntFxn)
                  000056f0    000000ea     icall.obj (.text:ICall_primWaitMatch)
                  000057da    00000002     SPICC26XXDMA.obj (.text:SPICC26XXDMA_serviceISR)
                  000057dc    000000e8     SPICC26XXDMA.obj (.text:SPICC26XXDMA_configDMA)
                  000058c4    000000e8     sensortag_keys.obj (.text:SensorTagKeys_processEvent)
                  000059ac    000000e4     driverlib.lib : setup.obj (.text:NOROM_SetupAfterColdResetWakeupFromShutDownCfg2)
                  00005a90    000000e4     sensortag.obj (.text:SensorTag_processStateChangeEvt)
                  00005b74    000000e0     devinfoservice.obj (.text:devInfo_ReadAttrCB)
                  00005c54    000000d4     drivers_cc26xxware.aem3 : PowerCC26XX.oem3 (.text:Power_releaseDependency)
                  00005d28    000000d4     RFCC26XX_singleMode.obj (.text:fsmPowerUpState)
                  00005dfc    000000d0     drivers_cc26xxware.aem3 : PowerCC26XX.oem3 (.text:Power_setDependency)
                  00005ecc    000000cc     sensortag_io.obj (.text:SensorTagIO_processCharChangeEvt)
                  00005f98    000000cc     driverlib.lib : setup.obj (.text:TrimAfterColdResetWakeupFromShutDown)
                  00006064    000000cc     ioservice.obj (.text:io_WriteAttrCB)
                  00006130    000000cc     movementservice.obj (.text:sensor_WriteAttrCB)
                  000061fc    000000cc     sysbios.aem3 : BIOS.obj (.text:ti_sysbios_knl_Semaphore_pend__E)
                  000062c8    000000cc                  : BIOS.obj (.text:ti_sysbios_knl_Task_Instance_init__E)
                  00006394    000000c8     RFCC26XX_singleMode.obj (.text:RF_open)
                  0000645c    000000c8     SPICC26XXDMA.obj (.text:SPICC26XXDMA_transfer)
                  00006524    000000c8     drivers_cc26xxware.aem3 : UARTCC26XX.oem3 (.text:UARTCC26XX_initHw)
                  000065ec    000000c8     sysbios.aem3 : m3_Hwi_asm.obj (.text:ti_sysbios_family_arm_m3_Hwi_dispatch__I)
                  000066b4    000000c4     sensortag_keys.obj (.text:SensorTagKeys_clockHandler)
                  00006778    000000c2     I2CCC26XX.obj (.text:I2CCC26XX_transfer)
                  0000683a    000000be     rtsv7M3_T_le_eabi.lib : xdnorm.obj (.text)
                  000068f8    000000bc     power_cc26xx_tirtos.aem3 : PowerCC26XX_tirtos.oem3 (.text:PowerCC26XX_standbyPolicy)
                  000069b4    000000bc     drivers_cc26xxware.aem3 : UARTCC26XX.oem3 (.text:UARTCC26XX_read)
                  00006a70    000000b8     sensortag_factoryreset.obj (.text:SensorTagFactoryReset_hasImage)
                  00006b28    000000b8     sensortag.obj (.text:SensorTag_taskFxn)
                  00006be0    000000b4     SPICC26XXDMA.obj (.text:SPICC26XXDMA_hwiFxn)
                  00006c94    000000b4     RFCC26XX_singleMode.obj (.text:swiFxnHw)
                  00006d48    000000b0     gattservapp_util.obj (.text:GATTServApp_ProcessCharCfg)
                  00006df8    000000b0     PINCC26XX.obj (.text:PINCC26XX_setIoCfg)
                  00006ea8    000000a8     SPICC26XXDMA.obj (.text:SPICC26XXDMA_control)
                  00006f50    000000a4     driverlib.lib : setup.obj (.text:NOROM_SetupTrimDevice)
                  00006ff4    000000a4     SensorTmp007.obj (.text:SensorTmp007_test)
                  00007098    000000a0     auto_init.aem3 : auto_init.oem3 (.text)
                  00007138    000000a0     sensortag_keys.obj (.text:processGapStateChange)
                  000071d8    0000009c     I2CCC26XX.obj (.text:I2CCC26XX_primeTransfer)
                  00007274    0000009c     icall.obj (.text:ICall_heapMalloc)
                  00007310    0000009c     icall.obj (.text:ICall_primSetTimer)
                  000073ac    0000009c     rtsv7M3_T_le_eabi.lib : memcpy_t2.obj (.text)
                  00007448    00000098     sensortag_mov.obj (.text:appStateSet)
                  000074e0    00000098     sysbios.aem3 : BIOS.obj (.text:ti_sysbios_knl_Clock_workFuncDynamic__E)
                  00007578    00000094     sensortag_mov.obj (.text:SensorTagMov_processCharChangeEvt)
                  0000760c    00000094     SensorMpu9250.obj (.text:sensorMagInit)
                  000076a0    00000094     sysbios.aem3 : BIOS.obj (.text:ti_sysbios_family_arm_m3_Hwi_Instance_init__E)
                  00007734    00000094     drivers_cc26xxware.aem3 : UARTCC26XX.oem3 (.text:writeFinishedDoCallback)
                  000077c8    00000092     SensorBmp280.obj (.text:SensorBmp280_test)
                  0000785a    00000092     rtsv7M3_T_le_eabi.lib : fs_div_t2.obj (.text)
                  000078ec    00000090     PINCC26XX.obj (.text:PIN_open)
                  0000797c    00000090     SensorTagTest.obj (.text:SensorTag_testExecute)
                  00007a0c    00000090     drivers_cc26xxware.aem3 : PowerCC26XX.oem3 (.text:switchXOSCHFclockFunc)
                  00007a9c    0000008c     driverlib.lib : osc.obj (.text:NOROM_OSCHF_GetStartupTime)
                  00007b28    0000008c     TRNGCC26XX.obj (.text:TRNGCC26XX_getNumber)
                  00007bb4    0000008c     drivers_cc26xxware.aem3 : UARTCC26XX.oem3 (.text:UARTCC26XX_initIO)
                  00007c40    0000008c                             : UARTCC26XX.oem3 (.text:UARTCC26XX_writeCancel)
                  00007ccc    00000088     I2CCC26XX.obj (.text:I2CCC26XX_cancel)
                  00007d54    00000088     icall.obj (.text:ICall_createRemoteTasks)
                  00007ddc    00000088     peripheral.obj (.text:gapRole_startConnUpdate)
                  00007e64    00000086     rtsv7M3_T_le_eabi.lib : fd_cmp_t2.obj (.text:__aeabi_cdcmple)
                  00007eea    00000086                           : fd_cmp_t2.obj (.text:__aeabi_cdrcmple)
                  00007f70    00000084     I2CCC26XX.obj (.text:I2CCC26XX_initIO)
                  00007ff4    00000084     icall_cc2650.obj (.text:ICallPlatform_pwrUpdActivityCounter)
                  00008078    00000084     SensorMpu9250.obj (.text:SensorMpu9250_reset)
                  000080fc    00000080     SensorMpu9250.obj (.text:SensorMpu9250_accConvert)
                  0000817c    00000080     sysbios.aem3 : BIOS.obj (.text:ti_sysbios_family_arm_m3_Hwi_initNVIC__E)
                  000081fc    00000080                  : BIOS.obj (.text:ti_sysbios_knl_Task_postInit__I)
                  0000827c    00000080                  : BIOS.obj (.text:xdc_runtime_Core_createObject__I)
                  000082fc    0000007e     gattservapp_util.obj (.text:gattServApp_SendNotiInd)
                  0000837a    00000002     RFCC26XX_singleMode.obj (.text:defaultErrCb)
                  0000837c    0000007c     RFCC26XX_singleMode.obj (.text:RF_pendCmd)
                  000083f8    0000007c     SensorI2C.obj (.text:SensorI2C_select)
                  00008474    0000007c     drivers_cc26xxware.aem3 : PowerCC26XX.oem3 (.text:disableLFClockQualifiers)
                  000084f0    0000007a     rtsv7M3_T_le_eabi.lib : fs_mul_t2.obj (.text)
                  0000856a    0000007a                           : memset_t2.obj (.text)
                  000085e4    00000078     icall.obj (.text:ICall_heapInit)
                  0000865c    00000078     icall.obj (.text:ICall_primSend)
                  000086d4    00000078     movementservice.obj (.text:Movement_setParameter)
                  0000874c    00000078     driverlib.lib : setup.obj (.text:NOROM_SetupAfterColdResetWakeupFromShutDownCfg1)
                  000087c4    00000078     sensortag_mov.obj (.text:SensorTagMov_init)
                  0000883c    00000078     drivers_cc26xxware.aem3 : UARTCC26XX.oem3 (.text:UARTCC26XX_close)
                  000088b4    00000078     sensortag_mov.obj (.text:convertSensorData)
                  0000892c    00000078     sysbios.aem3 : BIOS.obj (.text:ti_sysbios_knl_Clock_walkQueueDynamic__E)
                  000089a4    00000076     ExtFlash.obj (.text:ExtFlash_write)
                  00008a1a    00000002     drivers_cc26xxware.aem3 : PowerCC26XX.oem3 (.text:emptyClockFunc)
                  00008a1c    00000074     icall.obj (.text:ICall_newTask)
                  00008a90    00000074     drivers_cc26xxware.aem3 : PowerCC26XX_calibrateRCOSC.oem3 (.text:PowerCC26XX_auxISR)
                  00008b04    00000074     SensorMpu9250.obj (.text:SensorMpu9250_magReset)
                  00008b78    00000074     drivers_cc26xxware.aem3 : PowerCC26XX_calibrateRCOSC.oem3 (.text:calibrateRcoscHf2)
                  00008bec    00000074     RFCC26XX_singleMode.obj (.text:fsmPowerDownState)
                  00008c60    00000074     drivers_cc26xxware.aem3 : UARTCC26XX.oem3 (.text:writeTxFifoFlush)
                  00008cd4    00000070     icall.obj (.text:ICall_primEnroll)
                  00008d44    00000070     driverlib.lib : chipinfo.obj (.text:NOROM_ChipInfo_GetHwRevision)
                  00008db4    00000070     SensorHdc1000.obj (.text:SensorHdc1000_test)
                  00008e24    00000070     drivers_cc26xxware.aem3 : UARTCC26XX.oem3 (.text:UARTCC26XX_readCancel)
                  00008e94    00000070     movementservice.obj (.text:sensor_ReadAttrCB)
                  00008f04    00000070     sysbios.aem3 : BIOS.obj (.text:ti_sysbios_knl_Task_sleep__E)
                  00008f74    00000070     uart_printf.obj (.text:uartPrintf_flush)
                  00008fe4    0000006e     rtsv7M3_T_le_eabi.lib : fd_tos_t2.obj (.text)
                  00009052    00000002                           : i_div0.obj (.text)
                  00009054    0000006d     sysbios.aem3 : BIOS.obj (.text:xdc_runtime_System_formatNum__I)
                  000090c1    00000001     --HOLE-- [fill = 0]
                  000090c2    00000002                  : BIOS.obj (.text:ti_sysbios_BIOS_linkedWithIncorrectBootLibrary__E)
                  000090c4    0000006c     driverlib.lib : setup.obj (.text:NOROM_SetupGetTrimForAmpcompCtrl)
                  00009130    0000006c     drivers_cc26xxware.aem3 : PowerCC26XX.oem3 (.text:PowerCC26XX_calibrate)
                  0000919c    0000006c     sensortag_factoryreset.obj (.text:SensorTagFactoryReset_extFlashErase)
                  00009208    0000006c     sysbios.aem3 : BIOS.obj (.text:xdc_runtime_Memory_alloc__E)
                  00009274    0000006a     rtsv7M3_T_le_eabi.lib : copy_decompress_rle.obj (.text)
                  000092de    00000002     app_ble_pem3.oem3 (.text:ti_sysbios_BIOS_nullFunc__I)
                  000092e0    00000068     driverlib.lib : setup.obj (.text:NOROM_SetupGetTrimForAnabypassValue1)
                  00009348    00000068                   : sys_ctrl.obj (.text:NOROM_SysCtrl_DCDC_VoltageConditionalControl)
                  000093b0    00000068     PINCC26XX.obj (.text:PIN_add)
                  00009418    00000068     RFCC26XX_singleMode.obj (.text:RF_getCurrentTime)
                  00009480    00000068     SensorI2C.obj (.text:SensorI2C_open)
                  000094e8    00000068     sysbios.aem3 : BIOS.obj (.text:ti_sysbios_knl_Clock_startI__E)
                  00009550    00000068                  : BIOS.obj (.text:ti_sysbios_knl_Swi_restoreHwi__E)
                  000095b8    00000066     ExtFlash.obj (.text:ExtFlash_erase)
                  0000961e    00000066     rtsv7M3_T_le_eabi.lib : xdunscal.obj (.text)
                  00009684    00000064     I2CCC26XX.obj (.text:I2CCC26XX_close)
                  000096e8    00000064     SensorMpu9250.obj (.text:SensorMpu9250_test)
                  0000974c    00000064     UDMACC26XX.obj (.text:UDMACC26XX_open)
                  000097b0    00000064     RFCC26XX_singleMode.obj (.text:decActiveClientCnt)
                  00009814    00000064     SensorMpu9250.obj (.text:sensorMpu9250WakeUp)
                  00009878    00000064     sysbios.aem3 : BIOS.obj (.text:ti_sysbios_family_arm_cc26xx_Timer_start__E)
                  000098dc    00000064                  : BIOS.obj (.text:ti_sysbios_knl_Semaphore_post__E)
                  00009940    00000060     icall.obj (.text:ICall_primThreadServes)
                  000099a0    00000060     ioservice.obj (.text:Io_setParameter)
                  00009a00    00000060     PINCC26XX.obj (.text:PIN_remove)
                  00009a60    00000060     drivers_cc26xxware.aem3 : PowerCC26XX_calibrateRCOSC.oem3 (.text:PowerCC26XX_RCOSC_clockFunc)
                  00009ac0    00000060     sensortag_buzzer.obj (.text:SensorTagBuzzer_setFrequency)
                  00009b20    00000060     drivers_cc26xxware.aem3 : PowerCC26XX_calibrateRCOSC.oem3 (.text:updateSubSecInc)
                  00009b80    0000005c     driverlib.lib : osc.obj (.text:NOROM_OSCHF_AttemptToSwitchToXosc)
                  00009bdc    0000005c                   : sys_ctrl.obj (.text:NOROM_SysCtrlAdjustRechargeAfterPowerDown)
                  00009c38    0000005c     RFCC26XX_singleMode.obj (.text:RF_getInfo)
                  00009c94    0000005c     SPICC26XXDMA.obj (.text:SPICC26XXDMA_initHw)
                  00009cf0    0000005c     sysbios.aem3 : BIOS.obj (.text:ti_sysbios_knl_Task_Module_startup__E)
                  00009d4c    0000005c                  : BIOS.obj (.text:ti_sysbios_knl_Task_startCore__E)
                  00009da8    0000005a     SPICC26XXDMA.obj (.text:SPICC26XXDMA_close)
                  00009e02    00000058     I2CCC26XX.obj (.text:I2CCC26XX_swiFxn)
                  00009e5a    00000002     sysbios.aem3 : BIOS.obj (.text:ti_sysbios_gates_GateHwi_Instance_init__E)
                  00009e5c    00000058     icall_cc2650.obj (.text:ICallPlatform_pwrRegisterNotify)
                  00009eb4    00000058     drivers_cc26xxware.aem3 : PowerCC26XX_calibrateRCOSC.oem3 (.text:PowerCC26XX_initiateCalibration)
                  00009f0c    00000058     sensortag.obj (.text:SensorTag_setDeviceInfo)
                  00009f64    00000058     drivers_cc26xxware.aem3 : UARTCC26XX.oem3 (.text:UARTCC26XX_control)
                  00009fbc    00000058     RFCC26XX_singleMode.obj (.text:fsmXOSCState)
                  0000a014    00000058     sysbios.aem3 : BIOS.obj (.text:ti_sysbios_family_arm_m3_Hwi_postInit__I)
                  0000a06c    00000058                  : BIOS.obj (.text:ti_sysbios_knl_Swi_Instance_init__E)
                  0000a0c4    00000058                  : BIOS.obj (.text:ti_sysbios_knl_Swi_run__I)
                  0000a11c    00000054     ExtFlash.obj (.text:ExtFlash_read)
                  0000a170    00000054     gattservapp_util.obj (.text:GATTServApp_ProcessCCCWriteReq)
                  0000a1c4    00000054     icall.obj (.text:ICall_primGetEntityId)
                  0000a218    00000054     icall.obj (.text:ICall_primRegisterApp)
                  0000a26c    00000054     util.obj (.text:Util_constructClock)
                  0000a2c0    00000054     drivers_cc26xxware.aem3 : PowerCC26XX.oem3 (.text:configureXOSCHF)
                  0000a314    00000054     RFCC26XX_singleMode.obj (.text:dispatchOpWhen)
                  0000a368    00000054     RFCC26XX_singleMode.obj (.text:hwiFxnHw)
                  0000a3bc    00000054     ioservice.obj (.text:io_ReadAttrCB)
                  0000a410    00000054     SensorMpu9250.obj (.text:sensorMagEnable)
                  0000a464    00000054     sysbios.aem3 : BIOS.obj (.text:ti_sysbios_family_arm_m3_Hwi_dispatchC__I)
                  0000a4b8    00000054                  : BIOS.obj (.text:ti_sysbios_knl_Swi_schedule__I)
                  0000a50c    00000052     icall.obj (.text:ICall_primWait)
                  0000a55e    00000002     sysbios.aem3 : BIOS.obj (.text:ti_sysbios_knl_Clock_logTick__E)
                  0000a560    00000050     icall_api.obj (.text:GAP_DeviceInit)
                  0000a5b0    00000050     driverlib.lib : setup.obj (.text:NOROM_SetupSetCacheModeAccordingToCcfgSetting)
                  0000a600    00000050     SPICC26XXDMA.obj (.text:SPICC26XXDMA_swiFxn)
                  0000a650    00000050     SensorMpu9250.obj (.text:SensorMpu9250_accSetRange)
                  0000a6a0    00000050     sensortag_io.obj (.text:SensorTagIO_blinkLed)
                  0000a6f0    00000050     RFCC26XX_singleMode.obj (.text:applyRfCorePatch)
                  0000a740    00000050     ExtFlash.obj (.text:extFlashVerifyPart)
                  0000a790    00000050     peripheral.obj (.text:gapRole_processStackMsg)
                  0000a7e0    00000050     RFCC26XX_singleMode.obj (.text:ratChanFree)
                  0000a830    00000050     RFCC26XX_singleMode.obj (.text:syncCb)
                  0000a880    00000050     sysbios.aem3 : BIOS.obj (.text:ti_sysbios_knl_Swi_runLoop__I)
                  0000a8d0    00000050                  : BIOS.obj (.text:xdc_runtime_Startup_exec__E)
                  0000a920    0000004e     SensorOpt3001.obj (.text:SensorOpt3001_test)
                  0000a96e    00000002     sysbios.aem3 : BIOS.obj (.text:ti_sysbios_knl_Clock_triggerFunc__I)
                  0000a970    0000004c     ExtFlash.obj (.text:ExtFlash_waitReady)
                  0000a9bc    0000004c     driverlib.lib : osc.obj (.text:NOROM_OSCClockSourceSet)
                  0000aa08    0000004c     simplekeys.obj (.text:SK_AddService)
                  0000aa54    0000004c     drivers_cc26xxware.aem3 : UARTCC26XX.oem3 (.text:UARTCC26XX_swiIntFxn)
                  0000aaa0    0000004c     icall_api.obj (.text:gattIndNoti)
                  0000aaec    0000004c     rtsv7M3_T_le_eabi.lib : cpy_tbl.obj (.text)
                  0000ab38    0000004c     drivers_cc26xxware.aem3 : UARTCC26XX.oem3 (.text:startTxFifoEmptyClk)
                  0000ab84    0000004c     sysbios.aem3 : m3_TaskSupport_asm.obj (.text:ti_sysbios_family_arm_m3_TaskSupport_buildTaskStack)
                  0000abd0    0000004c                  : BIOS.obj (.text:ti_sysbios_knl_Task_schedule__I)
                  0000ac1c    00000048     ExtFlash.obj (.text:ExtFlash_open)
                  0000ac64    00000048     icall_api.obj (.text:GAP_UpdateAdvertisingData)
                  0000acac    00000048     I2CCC26XX.obj (.text:I2CCC26XX_initHw)
                  0000acf4    00000048     driverlib.lib : chipinfo.obj (.text:NOROM_ChipInfo_GetChipFamily)
                  0000ad3c    00000048                   : ddi.obj (.text:NOROM_DDI16BitfieldWrite)
                  0000ad84    00000048     RFCC26XX_singleMode.obj (.text:RF_runCmd)
                  0000adcc    00000048     simplekeys.obj (.text:SK_SetParameter)
                  0000ae14    00000048     drivers_cc26xxware.aem3 : PowerCC26XX.oem3 (.text:notify)
                  0000ae5c    00000048     rtsv7M3_T_le_eabi.lib : fd_toi_t2.obj (.text)
                  0000aea4    00000048     sysbios.aem3 : BIOS.obj (.text:ti_sysbios_family_arm_m3_Hwi_Module_startup__E)
                  0000aeec    00000048                  : m3_Hwi_asm_switch.obj (.text:ti_sysbios_family_arm_m3_Hwi_initStacks__E)
                  0000af34    00000048     app_ble_pem3.oem3 (.text:ti_sysbios_hal_Hwi_create)
                  0000af7c    00000048     sysbios.aem3 : BIOS.obj (.text:xdc_runtime_Core_assignParams__I)
                  0000afc4    00000048                  : BIOS.obj (.text:xdc_runtime_Core_constructObject__I)
                  0000b00c    00000044     icall_cc2650.obj (.text:ICallPlatform_pwrConfigACAction)
                  0000b050    00000044     icall.obj (.text:ICall_primCreateTask)
                  0000b094    00000044     PINCC26XX.obj (.text:PINCC26XX_getConfig)
                  0000b0d8    00000044     PINCC26XX.obj (.text:PIN_setOutputEnable)
                  0000b11c    00000044     PINCC26XX.obj (.text:PIN_swi)
                  0000b160    00000044     RFCC26XX_singleMode.obj (.text:RF_getRssi)
                  0000b1a4    00000044     SensorMpu9250.obj (.text:SensorMpu9250_accReadRange)
                  0000b1e8    00000044     sensortag_io.obj (.text:SensorTagIO_reset)
                  0000b22c    00000044     boot.aem3 : boot.oem3 (.text)
                  0000b270    00000044     sensortag_factoryreset.obj (.text:calcImageCRC)
                  0000b2b4    00000044     rtsv7M3_T_le_eabi.lib : exit.obj (.text)
                  0000b2f8    00000044                           : fd_tou_t2.obj (.text)
                  0000b33c    00000044     app_ble_pem3.oem3 (.text:ti_sysbios_family_arm_m3_Hwi_Object__create__S)
                  0000b380    00000044     sysbios.aem3 : BIOS.obj (.text:ti_sysbios_family_arm_m3_Hwi_disableInterrupt__E)
                  0000b3c4    00000044                  : BIOS.obj (.text:ti_sysbios_family_arm_m3_Hwi_enableInterrupt__E)
                  0000b408    00000044                  : BIOS.obj (.text:ti_sysbios_knl_Swi_post__E)
                  0000b44c    00000044                  : BIOS.obj (.text:ti_sysbios_knl_Task_allBlockedFunction__I)
                  0000b490    00000044     app_ble_pem3.oem3 (.text:ti_sysbios_knl_Task_create)
                  0000b4d4    00000042     icall_api.obj (.text:sendWaitMatchValueCS)
                  0000b516    00000002     sysbios.aem3 : BIOS.obj (.text:ti_sysbios_knl_Swi_Instance_finalize__E)
                  0000b518    00000040     icall_api.obj (.text:GAPBondMgr_LinkEst)
                  0000b558    00000040     icall_api.obj (.text:GAP_TerminateLinkReq)
                  0000b598    00000040     icall_api.obj (.text:GATTServApp_RegisterService)
                  0000b5d8    00000040     icall_api.obj (.text:ICall_waitMatch)
                  0000b618    00000040     ioservice.obj (.text:Io_addService)
                  0000b658    00000040     movementservice.obj (.text:Movement_addService)
                  0000b698    00000040     movementservice.obj (.text:Movement_getParameter)
                  0000b6d8    00000040     driverlib.lib : ddi.obj (.text:NOROM_DDI16BitfieldRead)
                  0000b718    00000040     SensorMpu9250.obj (.text:SensorMpu9250_magTest)
                  0000b758    00000040     sensortag_factoryreset.obj (.text:SensorTagFactoryReset_applyFactoryImage)
                  0000b798    00000040     rtsv7M3_T_le_eabi.lib : signal.obj (.text)
                  0000b7d8    00000040                           : u_divt2.obj (.text)
                  0000b818    00000040     icall_api.obj (.text:sendWaitMatchCS)
                  0000b858    00000040     SensorMpu9250.obj (.text:sensorMpu9250SetBypass)
                  0000b898    00000040     sysbios.aem3 : BIOS.obj (.text:ti_sysbios_family_arm_m3_Hwi_getStackInfo__E)
                  0000b8d8    00000040                  : BIOS.obj (.text:xdc_runtime_HeapMin_alloc__E)
                  0000b918    0000003e     simplekeys.obj (.text:SK_readAttrCB)
                  0000b956    0000003e     SensorMpu9250.obj (.text:SensorMpu9250_accRead)
                  0000b994    0000003e     SensorMpu9250.obj (.text:SensorMpu9250_gyroRead)
                  0000b9d2    0000003e     icall_api.obj (.text:gapSendParamAndPtrCmd)
                  0000ba10    0000003c     ExtFlash.obj (.text:ExtFlash_readInfo)
                  0000ba4c    0000003c     peripheral.obj (.text:GAPRole_createTask)
                  0000ba88    0000003c     icall_api.obj (.text:GAP_GetParamValue)
                  0000bac4    0000003c     icall.obj (.text:ICall_init)
                  0000bb00    0000003c     driverlib.lib : osc.obj (.text:NOROM_OSC_HPOSCRelativeFrequencyOffsetGet)
                  0000bb3c    0000003c                   : rfc.obj (.text:NOROM_RFCSynthPowerDown)
                  0000bb78    0000003c     SPICC26XXDMA.obj (.text:SPICC26XXDMA_csnCallback)
                  0000bbb4    0000003c     sensortag_buzzer.obj (.text:SensorTagBuzzer_open)
                  0000bbf0    0000003c     sensortag.obj (.text:SensorTag_createTask)
                  0000bc2c    0000003c     RFCC26XX_singleMode.obj (.text:postDirImmCmd)
                  0000bc68    0000003c     icall_api.obj (.text:profileSetParameter)
                  0000bca4    0000003c     SensorMpu9250.obj (.text:sensorMpuSleep)
                  0000bce0    0000003c     app_ble_pem3.oem3 (.text:ti_sysbios_family_arm_m3_Hwi_construct)
                  0000bd1c    0000003a     RFCC26XX_singleMode.obj (.text:Q_push)
                  0000bd56    0000003a     SensorMpu9250.obj (.text:SensorMpu9250_irqStatus)
                  0000bd90    0000003a     sysbios.aem3 : BIOS.obj (.text:ti_sysbios_knl_Task_exit__E)
                  0000bdca    00000002                  : BIOS.obj (.text:xdc_runtime_Error_policySpin__E)
                  0000bdcc    00000038     icall_api.obj (.text:GAPBondMgr_SetParameter)
                  0000be04    00000038     peripheral.obj (.text:GAPRole_SendUpdateParam)
                  0000be3c    00000038     gattservapp_util.obj (.text:GATTServApp_InitCharCfg)
                  0000be74    00000038     I2C.obj (.text:I2C_init)
                  0000beac    00000038     icall.obj (.text:ICall_heapFree)
                  0000bee4    00000038     icall.obj (.text:ICall_primGetMaxMSecs)
                  0000bf1c    00000038     icall.obj (.text:ICall_searchTask)
                  0000bf54    00000038     PINCC26XX.obj (.text:PIN_setInterrupt)
                  0000bf8c    00000038     PINCC26XX.obj (.text:PIN_setOutputValue)
                  0000bfc4    00000038     SensorI2C.obj (.text:SensorI2C_write)
                  0000bffc    00000038     SensorI2C.obj (.text:SensorI2C_writeRead)
                  0000c034    00000038     icall_api.obj (.text:linkDB_NumConns)
                  0000c06c    00000038     icall_api.obj (.text:osal_snv_read)
                  0000c0a4    00000038     icall_api.obj (.text:osal_snv_write)
                  0000c0dc    00000038     drivers_cc26xxware.aem3 : UARTCC26XX.oem3 (.text:readData)
                  0000c114    00000038     rtsv7M3_T_le_eabi.lib : fs_tod_t2.obj (.text)
                  0000c14c    00000038     SensorMpu9250.obj (.text:sensorMpu9250SelectAxes)
                  0000c184    00000038     sysbios.aem3 : BIOS.obj (.text:ti_sysbios_family_arm_cc26xx_Timer_getCurrentTick__E)
                  0000c1bc    00000038                  : BIOS.obj (.text:ti_sysbios_family_arm_m3_Hwi_Instance_finalize__E)
                  0000c1f4    00000038                  : BIOS.obj (.text:ti_sysbios_knl_Clock_Instance_init__E)
                  0000c22c    00000038     app_ble_pem3.oem3 (.text:ti_sysbios_knl_Clock_create)
                  0000c264    00000038     app_ble_pem3.oem3 (.text:ti_sysbios_knl_Swi_construct)
                  0000c29c    00000038     app_ble_pem3.oem3 (.text:ti_sysbios_knl_Task_construct)
                  0000c2d4    00000038     drivers_cc26xxware.aem3 : UARTCC26XX.oem3 (.text:writeData)
                  0000c30c    00000038     sysbios.aem3 : BIOS.obj (.text:xdc_runtime_System_atexit__E)
                  0000c344    00000036     UDMACC26XX.obj (.text:UDMACC26XX_close)
                  0000c37a    00000036     sensortag_factoryreset.obj (.text:crc16)
                  0000c3b0    00000036     icall_api.obj (.text:gapSendParamsCmd)
                  0000c3e6    00000036     icall_api.obj (.text:gapSendPtrParamsCmd)
                  0000c41c    00000034     ExtFlash.obj (.text:ExtFlash_close)
                  0000c450    00000034     icall_api.obj (.text:GAP_SetParamValue)
                  0000c484    00000034     peripheral.obj (.text:ICall_fetchServiceMsg)
                  0000c4b8    00000034     sensortag.obj (.text:ICall_fetchServiceMsg)
                  0000c4ec    00000034     icall.obj (.text:ICall_searchServiceEntity)
                  0000c520    00000034     driverlib.lib : osc.obj (.text:NOROM_OSCHF_SwitchToRcOscTurnOffXosc)
                  0000c554    00000034                   : trng.obj (.text:NOROM_TRNGConfigure)
                  0000c588    00000034     PINCC26XX.obj (.text:PIN_setConfig)
                  0000c5bc    00000034     drivers_cc26xxware.aem3 : PowerCC26XX.oem3 (.text:PowerCC26XX_isStableXOSC_HF)
                  0000c5f0    00000034     SensorMpu9250.obj (.text:SensorMpu9250_enable)
                  0000c624    00000034     SensorMpu9250.obj (.text:SensorMpu9250_init)
                  0000c658    00000034     util.obj (.text:Util_restartClock)
                  0000c68c    00000034     RFCC26XX_singleMode.obj (.text:getCmd)
                  0000c6c0    00000034     icall_api.obj (.text:profileAddService)
                  0000c6f4    00000034     rtsv7M3_T_le_eabi.lib : feraiseexcept.obj (.text)
                  0000c728    00000034     sysbios.aem3 : BIOS.obj (.text:ti_sysbios_family_arm_cc26xx_Timer_initDevice__I)
                  0000c75c    00000034     app_ble_pem3.oem3 (.text:ti_sysbios_knl_Clock_construct)
                  0000c790    00000034     app_ble_pem3.oem3 (.text:ti_sysbios_knl_Semaphore_create)
                  0000c7c4    00000034     sysbios.aem3 : BIOS.obj (.text:ti_sysbios_knl_Swi_restore__E)
                  0000c7f8    00000034                  : BIOS.obj (.text:ti_sysbios_knl_Task_blockI__E)
                  0000c82c    00000034     uart_printf.obj (.text:uartPrintf_putch)
                  0000c860    00000034     st_util.obj (.text:utilExtractUuid16)
                  0000c894    00000032     icall.obj (.text:ICall_msgEnqueue)
                  0000c8c6    00000032     icall.obj (.text:ICall_primFetchMsg)
                  0000c8f8    00000032     icall.obj (.text:ICall_primRegisterISR)
                  0000c92a    00000032     icall.obj (.text:ICall_primRegisterISR_Ext)
                  0000c95c    00000032     simplekeys.obj (.text:SK_writeAttrCB)
                  0000c98e    00000032     icall_api.obj (.text:matchGapSetGetParamCS)
                  0000c9c0    00000032     icall_api.obj (.text:matchGattCmdStatus)
                  0000c9f2    00000032     icall_api.obj (.text:matchUtilNvCS)
                  0000ca24    00000032     sysbios.aem3 : BIOS.obj (.text:ti_sysbios_family_arm_cc26xx_Timer_setNextTick__E)
                  0000ca56    00000032     RFCC26XX_singleMode.obj (.text:updateImplicitState)
                  0000ca88    00000030     I2C.obj (.text:I2C_open)
                  0000cab8    00000030     icall_cc2650.obj (.text:ICallPlatform_pwrNotify)
                  0000cae8    00000030     icall.obj (.text:ICall_msecs2Ticks)
                  0000cb18    00000030     driverlib.lib : setup.obj (.text:NOROM_SetupSetAonRtcSubSecInc)
                  0000cb48    00000030     drivers_cc26xxware.aem3 : PowerCC26XX.oem3 (.text:Power_releaseConstraint)
                  0000cb78    00000030                             : PowerCC26XX.oem3 (.text:Power_setConstraint)
                  0000cba8    00000030     SPI.obj (.text:SPI_open)
                  0000cbd8    00000030     SensorI2C.obj (.text:SensorI2C_writeReg)
                  0000cc08    00000030     SensorMpu9250.obj (.text:SensorMpu9250_powerOn)
                  0000cc38    00000030     sensortag_keys.obj (.text:SensorTagKeys_processKeyLeft)
                  0000cc68    00000030     sensortag_keys.obj (.text:SensorTagKeys_processKeyRight)
                  0000cc98    00000030     sensortag_keys.obj (.text:SensorTagKeys_processRelay)
                  0000ccc8    00000030     sensortag.obj (.text:SensorTag_enqueueMsg)
                  0000ccf8    00000030     ExtFlash.obj (.text:Spi_open)
                  0000cd28    00000030     drivers_cc26xxware.aem3 : UART.oem3 (.text:UART_open)
                  0000cd58    00000030     util.obj (.text:Util_enqueueMsg)
                  0000cd88    00000030     RFCC26XX_singleMode.obj (.text:clkPowerUpFxn)
                  0000cdb8    00000030     peripheral.obj (.text:gapRole_HandleParamUpdateNoSuccess)
                  0000cde8    00000030     peripheral.obj (.text:gapRole_SetupGAP)
                  0000ce18    00000030     main.obj (.text:main)
                  0000ce48    00000030     rtsv7M3_T_le_eabi.lib : xferaise.obj (.text)
                  0000ce78    00000030     app_ble_pem3.oem3 (.text:ti_sysbios_BIOS_atExitFunc__I)
                  0000cea8    00000030     app_ble_pem3.oem3 (.text:ti_sysbios_BIOS_startFunc__I)
                  0000ced8    00000030     sysbios.aem3 : BIOS.obj (.text:ti_sysbios_family_arm_cc26xx_Timer_setThreshold__I)
                  0000cf08    00000030     app_ble_pem3.oem3 (.text:ti_sysbios_gates_GateHwi_Object__create__S)
                  0000cf38    00000030     app_ble_pem3.oem3 (.text:ti_sysbios_gates_GateMutex_Object__create__S)
                  0000cf68    00000030     sysbios.aem3 : BIOS.obj (.text:ti_sysbios_gates_GateMutex_enter__E)
                  0000cf98    00000030     app_ble_pem3.oem3 (.text:ti_sysbios_knl_Semaphore_construct)
                  0000cfc8    00000030     sysbios.aem3 : BIOS.obj (.text:ti_sysbios_knl_Task_processVitalTaskFlag__I)
                  0000cff8    00000030     app_ble_pem3.oem3 (.text:xdc_runtime_HeapMin_Object__create__S)
                  0000d028    00000030     sysbios.aem3 : BIOS.obj (.text:xdc_runtime_HeapMin_free__E)
                  0000d058    00000030                  : BIOS.obj (.text:xdc_runtime_System_processAtExit__E)
                  0000d088    0000002e     icall_cc2650.obj (.text:ICallPlatform_pwrDispenseImpl)
                  0000d0b6    0000002e     icall_cc2650.obj (.text:ICallPlatform_pwrRequireImpl)
                  0000d0e4    0000002e     SPICC26XXDMA.obj (.text:SPICC26XXDMA_flushFifos)
                  0000d112    0000002e     icall_api.obj (.text:matchProfileAddServiceCS)
                  0000d140    0000002e     rtsv7M3_T_le_eabi.lib : i_tofd_t2.obj (.text)
                  0000d16e    0000002e                           : raise.obj (.text)
                  0000d19c    0000002e     sysbios.aem3 : BIOS.obj (.text:ti_sysbios_family_arm_m3_TaskSupport_start__E)
                  0000d1ca    00000002                  : BIOS.obj (.text:xdc_runtime_SysCallback_defaultAbort)
                  0000d1cc    0000002c     ExtFlash.obj (.text:ExtFlash_writeEnable)
                  0000d1f8    0000002c     peripheral.obj (.text:GAPRole_TerminateConnection)
                  0000d224    0000002c     icall.obj (.text:ICall_primEntityId2ServiceId)
                  0000d250    0000002c     icall.obj (.text:ICall_primFetchServiceMsg)
                  0000d27c    0000002c     peripheral.obj (.text:ICall_registerApp)
                  0000d2a8    0000002c     sensortag.obj (.text:ICall_registerApp)
                  0000d2d4    0000002c     icall_api.obj (.text:ICall_sendServiceMsg)
                  0000d300    0000002c     driverlib.lib : ddi.obj (.text:NOROM_DDI32RegWrite)
                  0000d32c    0000002c                   : setup.obj (.text:NOROM_SetupGetTrimForRadcExtCfg)
                  0000d358    0000002c     PINCC26XX.obj (.text:PINCC26XX_setMux)
                  0000d384    0000002c     sensortag_keys.obj (.text:SensorTagKeys_init)
                  0000d3b0    0000002c     ExtFlash.obj (.text:Spi_read)
                  0000d3dc    0000002c     ExtFlash.obj (.text:Spi_write)
                  0000d408    0000002c     ExtFlash.obj (.text:extFlashPowerStandby)
                  0000d434    0000002c     sysbios.aem3 : BIOS.obj (.text:ti_sysbios_hal_Hwi_initStack)
                  0000d460    0000002c                  : BIOS.obj (.text:ti_sysbios_knl_Clock_getTicksUntilInterrupt__E)
                  0000d48c    0000002c     app_ble_pem3.oem3 (.text:ti_sysbios_knl_Queue_construct)
                  0000d4b8    0000002c     sysbios.aem3 : BIOS.obj (.text:ti_sysbios_knl_Semaphore_pendTimeout__I)
                  0000d4e4    0000002c                  : BIOS.obj (.text:ti_sysbios_knl_Task_unblockI__E)
                  0000d510    0000002a     icall.obj (.text:ICall_msgDequeue)
                  0000d53a    0000002a     icall.obj (.text:ICall_msgPrepend)
                  0000d564    0000002a     icall.obj (.text:ICall_primAllocMsg)
                  0000d58e    0000002a     TRNGCC26XX.obj (.text:TRNGCC26XX_isParamValid)
                  0000d5b8    0000002a     sysbios.aem3 : BIOS.obj (.text:xdc_runtime_System_putchar__I)
                  0000d5e2    00000028     icall_api.obj (.text:GAPBondMgr_LinkTerm)
                  0000d60a    00000028     icall_api.obj (.text:GAPBondMgr_Register)
                  0000d632    00000002     sysbios.aem3 : BIOS.obj (.text:xdc_runtime_SysCallback_defaultExit)
                  0000d634    00000028     icall_api.obj (.text:ICall_allocMsg)
                  0000d65c    00000028     icall_api.obj (.text:ICall_getEntityId)
                  0000d684    00000028     icall_api.obj (.text:ICall_getLocalMsgEntityId)
                  0000d6ac    00000028     devinfoservice.obj (.text:ICall_malloc)
                  0000d6d4    00000028     ioservice.obj (.text:ICall_malloc)
                  0000d6fc    00000028     movementservice.obj (.text:ICall_malloc)
                  0000d724    00000028     sensortag.obj (.text:ICall_malloc)
                  0000d74c    00000028     simplekeys.obj (.text:ICall_malloc)
                  0000d774    00000028     util.obj (.text:ICall_malloc)
                  0000d79c    00000028     icall_api.obj (.text:ICall_threadServes)
                  0000d7c4    00000028     ioservice.obj (.text:Io_getParameter)
                  0000d7ec    00000028     driverlib.lib : aon_batmon.obj (.text:NOROM_AONBatMonTemperatureGetDegC)
                  0000d814    00000028     drivers_cc26xxware.aem3 : PowerCC26XX.oem3 (.text:PowerCC26XX_switchXOSC_HF)
                  0000d83c    00000028                             : PowerCC26XX.oem3 (.text:Power_registerNotify)
                  0000d864    00000028     driverlib.lib : adi.obj (.text:SafeHapiVoid)
                  0000d88c    00000028     sensortag_buzzer.obj (.text:SensorTagBuzzer_close)
                  0000d8b4    00000028     sensortag_io.obj (.text:SensorTagIO_init)
                  0000d8dc    00000028     sensortag_keys.obj (.text:SensorTagKeys_reset)
                  0000d904    00000028     sensortag_mov.obj (.text:SensorTagMov_reset)
                  0000d92c    00000028     TRNGCC26XX.obj (.text:TRNGCC26XX_init)
                  0000d954    00000028     gattservapp_util.obj (.text:gattServApp_FindCharCfgItem)
                  0000d97c    00000028     sensortag_mov.obj (.text:lowPassFilter)
                  0000d9a4    00000028     icall_api.obj (.text:matchProfileCS)
                  0000d9cc    00000028     sysbios.aem3 : BIOS.obj (.text:ti_sysbios_family_arm_cc26xx_Timer_getMaxTicks__E)
                  0000d9f4    00000028                  : BIOS.obj (.text:ti_sysbios_knl_Clock_addI__E)
                  0000da1c    00000028                  : BIOS.obj (.text:ti_sysbios_knl_Task_restore__E)
                  0000da44    00000026     gattservapp_util.obj (.text:GATTServApp_WriteCharCfg)
                  0000da6a    00000026     drivers_cc26xxware.aem3 : List.oem3 (.text:List_put)
                  0000da90    00000026     sysbios.aem3 : BIOS.obj (.text:ti_sysbios_hal_Hwi_Instance_init__E)
                  0000dab6    00000026     icall_api.obj (.text:waitMatchCS)
                  0000dadc    00000024     peripheral.obj (.text:GAPRole_StartDevice)
                  0000db00    00000024     PINCC26XX.obj (.text:PINCC26XX_getPinCount)
                  0000db24    00000024     SensorMpu9250.obj (.text:SensorMpu9250_powerOff)
                  0000db48    00000024     RFCC26XX_singleMode.obj (.text:allocCmd)
                  0000db6c    00000024     drivers_cc26xxware.aem3 : PowerCC26XX_calibrateRCOSC.oem3 (.text:getTdcSemaphore)
                  0000db90    00000024     RFCC26XX_singleMode.obj (.text:hwiFxnCpe0PowerFsm)
                  0000dbb4    00000024     app_ble_pem3.oem3 (.text:ti_sysbios_BIOS_registerRTSLock__I)
                  0000dbd8    00000024     app_ble_pem3.oem3 (.text:ti_sysbios_BIOS_removeRTSLock__I)
                  0000dbfc    00000024     sysbios.aem3 : BIOS.obj (.text:ti_sysbios_family_arm_cc26xx_Timer_Module_startup__E)
                  0000dc20    00000024                  : BIOS.obj (.text:ti_sysbios_family_arm_cc26xx_Timer_startup__E)
                  0000dc44    00000024                  : BIOS.obj (.text:ti_sysbios_knl_Semaphore_Instance_init__E)
                  0000dc68    00000024                  : BIOS.obj (.text:ti_sysbios_knl_Swi_Module_startup__E)
                  0000dc8c    00000024                  : BIOS.obj (.text:xdc_runtime_System_vprintf__E)
                  0000dcb0    00000022     icall.obj (.text:ICall_dispatch)
                  0000dcd2    00000022     sysbios.aem3 : BIOS.obj (.text:ti_sysbios_family_arm_cc26xx_Timer_postInit__I)
                  0000dcf4    00000020     gattservapp_util.obj (.text:GATTServApp_FindAttr)
                  0000dd14    00000020     icall_api.obj (.text:GATT_bm_alloc)
                  0000dd34    00000020     devinfoservice.obj (.text:ICall_free)
                  0000dd54    00000020     sensortag.obj (.text:ICall_free)
                  0000dd74    00000020     util.obj (.text:ICall_free)
                  0000dd94    00000020     icall.obj (.text:ICall_freeMsg)
                  0000ddb4    00000020     icall_api.obj (.text:ICall_freeMsg)
                  0000ddd4    00000020     peripheral.obj (.text:ICall_freeMsg)
                  0000ddf4    00000020     sensortag.obj (.text:ICall_freeMsg)
                  0000de14    00000020     icall.obj (.text:ICall_searchService)
                  0000de34    00000020     peripheral.obj (.text:ICall_wait)
                  0000de54    00000020     sensortag.obj (.text:ICall_wait)
                  0000de74    00000020     driverlib.lib : rfc.obj (.text:NOROM_RFCDoorbellSendTo)
                  0000de94    00000020                   : rfc.obj (.text:NOROM_RFCRfTrimRead)
                  0000deb4    00000020                   : setup.obj (.text:NOROM_SetupGetTrimForXoscHfCtl)
                  0000ded4    00000020     drivers_cc26xxware.aem3 : PowerCC26XX.oem3 (.text:Power_unregisterNotify)
                  0000def4    00000020     sensortag_mov.obj (.text:SensorTagMov_processInterrupt)
                  0000df14    00000020     TRNGCC26XX.obj (.text:TRNGCC26XX_open)
                  0000df34    00000020     sensortag_mov.obj (.text:initCharacteristicValue)
                  0000df54    00000020     app_ble_pem3.oem3 (.text:ti_sysbios_BIOS_rtsLock__I)
                  0000df74    00000020     sysbios.aem3 : BIOS.obj (.text:ti_sysbios_family_arm_cc26xx_Timer_dynamicStub__E)
                  0000df94    00000020                  : m3_Hwi_asm.obj (.text:ti_sysbios_family_arm_m3_Hwi_excHandlerAsm__I)
                  0000dfb4    00000020                  : BIOS.obj (.text:ti_sysbios_family_arm_m3_Hwi_excHandler__I)
                  0000dfd4    00000020                  : BIOS.obj (.text:ti_sysbios_knl_Clock_Module_startup__E)
                  0000dff4    00000020     app_ble_pem3.oem3 (.text:ti_sysbios_knl_Clock_Object__destruct__S)
                  0000e014    00000020     sysbios.aem3 : BIOS.obj (.text:ti_sysbios_knl_Clock_getTicks__E)
                  0000e034    00000020                  : BIOS.obj (.text:ti_sysbios_knl_Clock_stop__E)
                  0000e054    00000020                  : BIOS.obj (.text:ti_sysbios_knl_Idle_run__E)
                  0000e074    00000020     app_ble_pem3.oem3 (.text:ti_sysbios_knl_Semaphore_Object__destruct__S)
                  0000e094    00000020     sysbios.aem3 : BIOS.obj (.text:ti_sysbios_knl_Task_restoreHwi__E)
                  0000e0b4    0000001e     icall_api.obj (.text:GATT_Notification)
                  0000e0d2    0000001e     icall.obj (.text:ICall_primSendServiceMsg)
                  0000e0f0    0000001e     PINCC26XX.obj (.text:PIN_close)
                  0000e10e    0000001e     drivers_cc26xxware.aem3 : PowerCC26XX.oem3 (.text:Power_getTransitionLatency)
                  0000e12c    0000001e     icall_api.obj (.text:getStatusValueFromErrNo)
                  0000e14a    0000001e     sysbios.aem3 : m3_Hwi_asm_switch.obj (.text:ti_sysbios_family_xxx_Hwi_switchAndRunFunc)
                  0000e168    0000001c     icall.obj (.text:ICall_abort)
                  0000e184    0000001c     icall.obj (.text:ICall_primService)
                  0000e1a0    0000001c     driverlib.lib : osc.obj (.text:NOROM_OSCClockSourceGet)
                  0000e1bc    0000001c                   : setup.obj (.text:NOROM_SetupGetTrimForAmpcompTh2)
                  0000e1d8    0000001c                   : setup.obj (.text:NOROM_SetupGetTrimForRcOscLfRtuneCtuneTrim)
                  0000e1f4    0000001c     PINCC26XX.obj (.text:PINCC26XX_setIoCfgMux)
                  0000e210    0000001c     PINCC26XX.obj (.text:PIN_hwi)
                  0000e22c    0000001c     SensorMpu9250.obj (.text:SensorMpu9250_gyroConvert)
                  0000e248    0000001c     sensortag.obj (.text:SensorTag_processAppMsg)
                  0000e264    0000001c     UDMACC26XX.obj (.text:UDMACC26XX_initHw)
                  0000e280    0000001c     app_ble_pem3.oem3 (.text:ti_sysbios_family_arm_m3_Hwi_Object__destruct__S)
                  0000e29c    0000001c     sysbios.aem3 : BIOS.obj (.text:ti_sysbios_family_arm_m3_Hwi_setPriority__E)
                  0000e2b8    0000001c                  : BIOS.obj (.text:ti_sysbios_gates_GateMutex_Instance_init__E)
                  0000e2d4    0000001c     app_ble_pem3.oem3 (.text:ti_sysbios_hal_Hwi_HwiProxy_create)
                  0000e2f0    0000001c     sysbios.aem3 : BIOS.obj (.text:ti_sysbios_knl_Clock_scheduleNextTick__E)
                  0000e30c    0000001c     app_ble_pem3.oem3 (.text:ti_sysbios_knl_Queue_Object__destruct__S)
                  0000e328    0000001c     sysbios.aem3 : BIOS.obj (.text:ti_sysbios_knl_Queue_get__E)
                  0000e344    0000001c                  : BIOS.obj (.text:ti_sysbios_knl_Queue_put__E)
                  0000e360    0000001c     app_ble_pem3.oem3 (.text:ti_sysbios_knl_Swi_Object__destruct__S)
                  0000e37c    0000001c     sysbios.aem3 : BIOS.obj (.text:ti_sysbios_knl_Task_enter__I)
                  0000e398    0000001c                  : BIOS.obj (.text:xdc_runtime_Error_raiseX__E)
                  0000e3b4    0000001c                  : BIOS.obj (.text:xdc_runtime_Memory_valloc__E)
                  0000e3d0    0000001c                  : BIOS.obj (.text:xdc_runtime_System_abort__E)
                  0000e3ec    0000001a     icall.obj (.text:ICall_enterCSImpl)
                  0000e406    0000001a     icall.obj (.text:ICall_primMalloc)
                  0000e420    0000001a     icall.obj (.text:ICall_primSetTimerMSecs)
                  0000e43a    0000001a     drivers_cc26xxware.aem3 : List.oem3 (.text:List_remove)
                  0000e454    0000001a     SensorUtil.obj (.text:SensorUtil_convertToLe)
                  0000e46e    0000001a     util.obj (.text:Util_dequeueMsg)
                  0000e488    0000001a     ExtFlash.obj (.text:extFlashPowerDown)
                  0000e4a2    0000001a     icall_api.obj (.text:matchGattIndNotiCS)
                  0000e4bc    0000001a     sysbios.aem3 : m3_Hwi_asm.obj (.text:ti_sysbios_family_arm_m3_Hwi_pendSV__I)
                  0000e4d6    0000001a                  : BIOS.obj (.text:ti_sysbios_knl_Task_sleepTimeout__I)
                  0000e4f0    0000001a     app_ble_pem3.oem3 (.text:xdc_runtime_System_printf__E)
                  0000e50a    00000002     sysbios.aem3 : BIOS.obj (.text:xdc_runtime_System_abortSpin__E)
                  0000e50c    00000018     icall_api.obj (.text:GATT_bm_free)
                  0000e524    00000018     icall_api.obj (.text:GGS_SetParameter)
                  0000e53c    00000018     icall_cc2650.obj (.text:ICallPlatform_pwrDispense)
                  0000e554    00000018     icall_cc2650.obj (.text:ICallPlatform_pwrRequire)
                  0000e56c    00000018     icall.obj (.text:ICall_initPrim)
                  0000e584    00000018     movementservice.obj (.text:Movement_registerAppCBs)
                  0000e59c    00000018     driverlib.lib : aon_rtc.obj (.text:NOROM_AONRTCCurrentCompareValueGet)
                  0000e5b4    00000018                   : chipinfo.obj (.text:NOROM_ChipInfo_GetPackageType)
                  0000e5cc    00000018                   : osc.obj (.text:NOROM_OSCHF_TurnOnXosc)
                  0000e5e4    00000018                   : rfc.obj (.text:NOROM_RFCCpeIntGetAndClear)
                  0000e5fc    00000018                   : setup.obj (.text:NOROM_SetupGetTrimForAdcShModeEn)
                  0000e614    00000018                   : setup.obj (.text:NOROM_SetupGetTrimForAdcShVbufEn)
                  0000e62c    00000018                   : setup.obj (.text:NOROM_SetupGetTrimForAmpcompTh1)
                  0000e644    00000018                   : setup.obj (.text:NOROM_SetupGetTrimForDblrLoopFilterResetVoltage)
                  0000e65c    00000018                   : setup.obj (.text:NOROM_SetupGetTrimForRcOscLfIBiasTrim)
                  0000e674    00000018                   : setup.obj (.text:NOROM_SetupGetTrimForXoscLfRegulatorAndCmirrwrRatio)
                  0000e68c    00000018     PINCC26XX.obj (.text:PIN_getConfig)
                  0000e6a4    00000018     drivers_cc26xxware.aem3 : PowerCC26XX.oem3 (.text:Power_idleFunc)
                  0000e6bc    00000018     RFCC26XX_singleMode.obj (.text:Q_pop)
                  0000e6d4    00000018     RFCC26XX_singleMode.obj (.text:RF_runDirectCmd)
                  0000e6ec    00000018     RFCC26XX_singleMode.obj (.text:RF_runImmediateCmd)
                  0000e704    00000018     sensortag_mov.obj (.text:SensorTagMov_clockHandler)
                  0000e71c    00000018     sensortag.obj (.text:SensorTag_callback)
                  0000e734    00000018     sensortag.obj (.text:SensorTag_clockHandler)
                  0000e74c    00000018     sensortag.obj (.text:SensorTag_processCharValueChangeEvt)
                  0000e764    00000018     ExtFlash.obj (.text:Spi_close)
                  0000e77c    00000018     drivers_cc26xxware.aem3 : UARTCC26XX.oem3 (.text:UARTCC26XX_init)
                  0000e794    00000018                             : UART.oem3 (.text:UART_Params_init)
                  0000e7ac    00000018                             : PowerCC26XX.oem3 (.text:configureRFCoreClocks)
                  0000e7c4    00000018     peripheral.obj (.text:gapRole_setEvent)
                  0000e7dc    00000018     rtsv7M3_T_le_eabi.lib : args_main.obj (.text)
                  0000e7f4    00000018                           : ll_mul_t2.obj (.text)
                  0000e80c    00000018     RFCC26XX_singleMode.obj (.text:swiFxnFsm)
                  0000e824    00000018     app_ble_pem3.oem3 (.text:ti_sysbios_BIOS_rtsUnlock__I)
                  0000e83c    00000018     app_ble_pem3.oem3 (.text:ti_sysbios_family_arm_cc26xx_Timer_Module__startupDone__F)
                  0000e854    00000018     app_ble_pem3.oem3 (.text:ti_sysbios_family_arm_m3_Hwi_Module__startupDone__F)
                  0000e86c    00000018     sysbios.aem3 : BIOS.obj (.text:ti_sysbios_family_arm_m3_Hwi_plug__E)
                  0000e884    00000018                  : BIOS.obj (.text:ti_sysbios_gates_GateMutex_leave__E)
                  0000e89c    00000018                  : BIOS.obj (.text:ti_sysbios_knl_Swi_or__E)
                  0000e8b4    00000018                  : BIOS.obj (.text:ti_sysbios_knl_Task_unblock__E)
                  0000e8cc    00000018                  : BIOS.obj (.text:xdc_runtime_Core_destructObject__I)
                  0000e8e4    00000018                  : BIOS.obj (.text:xdc_runtime_Error_check__E)
                  0000e8fc    00000018                  : BIOS.obj (.text:xdc_runtime_System_exit__E)
                  0000e914    00000016     main.obj (.text:AssertHandler)
                  0000e92a    00000016     icall.obj (.text:ICall_leaveCSImpl)
                  0000e940    00000016     icall.obj (.text:ICall_primStopTimer)
                  0000e956    00000016     ble_user_config.obj (.text:driverTable_fnSpinlock)
                  0000e96c    00000016     TRNGCC26XX.obj (.text:openTRNG)
                  0000e982    00000016     app_ble_pem3.oem3 (.text:ti_sysbios_BIOS_exitFunc__I)
                  0000e998    00000016     sysbios.aem3 : BIOS.obj (.text:ti_sysbios_knl_Clock_Instance_finalize__E)
                  0000e9ae    00000016                  : BIOS.obj (.text:ti_sysbios_knl_Clock_start__E)
                  0000e9c4    00000014     devinfoservice.obj (.text:DevInfo_AddService)
                  0000e9d8    00000014     ExtFlash.obj (.text:ExtFlash_powerDown)
                  0000e9ec    00000014     ioservice.obj (.text:Io_registerAppCBs)
                  0000ea00    00000014     driverlib.lib : aon_rtc.obj (.text:NOROM_AONRTCCurrent64BitValueGet)
                  0000ea14    00000014                   : chipinfo.obj (.text:NOROM_ThisCodeIsBuiltForCC26xxHwRev22AndLater_HaltIfViolated)
                  0000ea28    00000014     PINCC26XX.obj (.text:PINCC26XX_getInputValue)
                  0000ea3c    00000014     PINCC26XX.obj (.text:PINCC26XX_getOutputValue)
                  0000ea50    00000014     RFCC26XX_singleMode.obj (.text:RF_Params_init)
                  0000ea64    00000014     SPI.obj (.text:SPI_Params_init)
                  0000ea78    00000014     SensorI2C.obj (.text:SensorI2C_readReg)
                  0000ea8c    00000014     SensorMpu9250.obj (.text:SensorMpu9250_Callback)
                  0000eaa0    00000014     SensorMpu9250.obj (.text:SensorMpu9250_powerIsOn)
                  0000eab4    00000014     sensortag.obj (.text:SensorTag_updateAdvertisingData)
                  0000eac8    00000014     ExtFlash.obj (.text:Spi_flash)
                  0000eadc    00000014     rtsv7M3_T_le_eabi.lib : _lock.obj (.text)
                  0000eaf0    00000014                           : strlen.obj (.text)
                  0000eb04    00000014     icall_api.obj (.text:setICallCmdEvtHdr)
                  0000eb18    00000014     app_ble_pem3.oem3 (.text:ti_sysbios_family_arm_m3_Hwi_Object__get__S)
                  0000eb2c    00000014     sysbios.aem3 : BIOS.obj (.text:ti_sysbios_family_arm_m3_Hwi_switchFromBootStack__E)
                  0000eb40    00000014     app_ble_pem3.oem3 (.text:ti_sysbios_knl_Clock_doTick__I)
                  0000eb54    00000014     app_ble_pem3.oem3 (.text:ti_sysbios_knl_Swi_Object__get__S)
                  0000eb68    00000012     ExtFlash.obj (.text:ExtFlash_test)
                  0000eb7a    00000012     RFCC26XX_singleMode.obj (.text:RF_getCmdOp)
                  0000eb8c    00000012     sysbios.aem3 : BIOS.obj (.text:ti_sysbios_hal_Hwi_Module_startup__E)
                  0000eb9e    00000012     app_ble_pem3.oem3 (.text:xdc_runtime_Startup_exec__I)
                  0000ebb0    00000010     RFCC26XX_singleMode.obj (.text:FsmDispatch)
                  0000ebc0    00000010     icall_api.obj (.text:GAP_EndDiscoverable)
                  0000ebd0    00000010     icall_api.obj (.text:GAP_UpdateLinkParamReq)
                  0000ebe0    00000010     icall_api.obj (.text:GAP_UpdateLinkParamReqReply)
                  0000ebf0    00000010     gattservapp_util.obj (.text:GATTServApp_ReadCharCfg)
                  0000ec00    00000010     I2C.obj (.text:I2C_Params_init)
                  0000ec10    00000010     icall_cc2650.obj (.text:ICallPlatform_pwrGetXOSCStartupTime)
                  0000ec20    00000010     icall.obj (.text:ICall_primGetTickPeriod)
                  0000ec30    00000010     icall.obj (.text:ICall_taskEntry)
                  0000ec40    00000010     driverlib.lib : rfc.obj (.text:NOROM_RFCRfTrimSet)
                  0000ec50    00000010                   : setup.obj (.text:NOROM_SetupGetTrimForXoscHfFastStart)
                  0000ec60    00000010                   : setup.obj (.text:NOROM_SetupGetTrimForXoscHfIbiastherm)
                  0000ec70    00000010     sensortag.obj (.text:SensorTag_resetAllModules)
                  0000ec80    00000010     util.obj (.text:Util_isActive)
                  0000ec90    00000010     ExtFlash.obj (.text:extFlashDeselect)
                  0000eca0    00000010     ExtFlash.obj (.text:extFlashSelect)
                  0000ecb0    00000010     I2CCC26XX.obj (.text:i2cPostNotify)
                  0000ecc0    00000010     sysbios.aem3 : BIOS.obj (.text:ti_sysbios_BIOS_exit__E)
                  0000ecd0    00000010                  : BIOS.obj (.text:ti_sysbios_BIOS_getCpuFreq__E)
                  0000ece0    00000010                  : BIOS.obj (.text:ti_sysbios_BIOS_setThreadType__E)
                  0000ecf0    00000010                  : BIOS.obj (.text:ti_sysbios_BIOS_start__E)
                  0000ed00    00000010                  : BIOS.obj (.text:ti_sysbios_family_arm_m3_Hwi_post__E)
                  0000ed10    00000010                  : m3_TaskSupport_asm.obj (.text:ti_sysbios_family_arm_m3_TaskSupport_glue)
                  0000ed20    00000010                  : m3_TaskSupport_asm.obj (.text:ti_sysbios_family_arm_m3_TaskSupport_swap__E)
                  0000ed30    00000010     app_ble_pem3.oem3 (.text:ti_sysbios_hal_Hwi_HwiProxy_Object__create__S)
                  0000ed40    00000010     sysbios.aem3 : BIOS.obj (.text:ti_sysbios_knl_Semaphore_Instance_finalize__E)
                  0000ed50    00000010                  : BIOS.obj (.text:ti_sysbios_knl_Swi_disable__E)
                  0000ed60    00000010                  : BIOS.obj (.text:ti_sysbios_knl_Swi_enabled__E)
                  0000ed70    00000010     app_ble_pem3.oem3 (.text:ti_sysbios_knl_Task_Object__get__S)
                  0000ed80    00000010     sysbios.aem3 : BIOS.obj (.text:ti_sysbios_knl_Task_disable__E)
                  0000ed90    00000010     drivers_cc26xxware.aem3 : UARTCC26XX.oem3 (.text:uartPostNotify)
                  0000eda0    00000010     sysbios.aem3 : BIOS.obj (.text:xdc_runtime_Gate_leaveSystem__E)
                  0000edb0    00000010                  : BIOS.obj (.text:xdc_runtime_SysCallback_abort__E)
                  0000edc0    00000010                  : BIOS.obj (.text:xdc_runtime_SysCallback_exit__E)
                  0000edd0    00000010                  : BIOS.obj (.text:xdc_runtime_SysCallback_putch__E)
                  0000ede0    00000010                  : BIOS.obj (.text:xdc_runtime_SysCallback_ready__E)
                  0000edf0    0000000e     icall_cc2650.obj (.text:ICallPlatform_pwrGetTransitionState)
                  0000edfe    0000000e     icall_cc2650.obj (.text:ICallPlatform_pwrIsStableXOSCHF)
                  0000ee0c    0000000e     icall.obj (.text:ICall_primDisableMInt)
                  0000ee1a    0000000e     icall.obj (.text:ICall_primEnableMInt)
                  0000ee28    0000000e     icall.obj (.text:ICall_primFreeMsg)
                  0000ee36    0000000e     icall.obj (.text:ICall_primGetTicks)
                  0000ee44    0000000e     driverlib.lib : setup.obj (.text:NOROM_SetupSignExtendVddrTrimValue)
                  0000ee52    0000000e                   : vims.obj (.text:NOROM_VIMSModeGet)
                  0000ee60    0000000e     SPICC26XXDMA.obj (.text:SPICC26XXDMA_init)
                  0000ee6e    0000000e     util.obj (.text:Util_constructQueue)
                  0000ee7c    0000000e     rtsv7M3_T_le_eabi.lib : copy_decompress_none.obj (.text:decompress:none)
                  0000ee8a    0000000e     icall_api.obj (.text:matchGSARegisterServiceCS)
                  0000ee98    0000000e     icall_api.obj (.text:matchGapLinkEstCS)
                  0000eea6    0000000e     icall_api.obj (.text:matchLinkDBNumConnsCS)
                  0000eeb4    0000000e     icall_api.obj (.text:setDispatchCmdEvtHdr)
                  0000eec2    0000000e     sysbios.aem3 : BIOS.obj (.text:ti_sysbios_knl_Queue_empty__E)
                  0000eed0    0000000e                  : BIOS.obj (.text:ti_sysbios_knl_Queue_remove__E)
                  0000eede    0000000e                  : BIOS.obj (.text:xdc_runtime_HeapMin_Instance_init__E)
                  0000eeec    0000000c     RFCC26XX_singleMode.obj (.text:FsmNextState)
                  0000eef8    0000000c     icall_api.obj (.text:GAP_MakeDiscoverable)
                  0000ef04    0000000c     icall_api.obj (.text:GAP_TerminateAuth)
                  0000ef10    0000000c     icall_api.obj (.text:GATT_Indication)
                  0000ef1c    0000000c     icall.obj (.text:ICall_clockFunc)
                  0000ef28    0000000c     icall.obj (.text:ICall_primDisableInt)
                  0000ef34    0000000c     icall.obj (.text:ICall_primEnableInt)
                  0000ef40    0000000c     icall.obj (.text:ICall_primFree)
                  0000ef4c    0000000c     icall.obj (.text:ICall_primSignal)
                  0000ef58    0000000c     driverlib.lib : cpu.obj (.text:NOROM_CPUcpsid)
                  0000ef64    0000000c                   : cpu.obj (.text:NOROM_CPUcpsie)
                  0000ef70    0000000c     PINCC26XX.obj (.text:PIN_registerIntCb)
                  0000ef7c    0000000c     drivers_cc26xxware.aem3 : PowerCC26XX.oem3 (.text:Power_getConstraintMask)
                  0000ef88    0000000c                             : PowerCC26XX.oem3 (.text:Power_getDependencyCount)
                  0000ef94    0000000c                             : PowerCC26XX.oem3 (.text:Power_getTransitionState)
                  0000efa0    0000000c     ble_user_config.obj (.text:RegisterAssertCback)
                  0000efac    0000000c     SensorI2C.obj (.text:SensorI2C_deselect)
                  0000efb8    0000000c     SensorMpu9250.obj (.text:SensorMpu9250_registerCallback)
                  0000efc4    0000000c     sensortag.obj (.text:SensorTag_processGATTMsg)
                  0000efd0    0000000c     sensortag.obj (.text:SensorTag_processStackMsg)
                  0000efdc    0000000c     sensortag.obj (.text:SensorTag_testResult)
                  0000efe8    0000000c     uart_printf.obj (.text:UartPrintf_init)
                  0000eff4    0000000c     rtsv7M3_T_le_eabi.lib : copy_zero_init.obj (.text:decompress:ZI)
                  0000f000    0000000c     icall_api.obj (.text:matchProfileSetParamCS)
                  0000f00c    0000000c     SPICC26XXDMA.obj (.text:spiPostNotify)
                  0000f018    0000000c     sysbios.aem3 : BIOS.obj (.text:ti_sysbios_BIOS_getThreadType__E)
                  0000f024    0000000c     app_ble_pem3.oem3 (.text:ti_sysbios_family_arm_m3_Hwi_Params__init__S)
                  0000f030    0000000c     sysbios.aem3 : BIOS.obj (.text:ti_sysbios_family_arm_m3_Hwi_disableFxn__E)
                  0000f03c    0000000c                  : BIOS.obj (.text:ti_sysbios_family_arm_m3_Hwi_enableFxn__E)
                  0000f048    0000000c                  : BIOS.obj (.text:ti_sysbios_family_arm_m3_TaskSupport_getStackAlignment__E)
                  0000f054    0000000c                  : BIOS.obj (.text:ti_sysbios_gates_GateHwi_enter__E)
                  0000f060    0000000c     app_ble_pem3.oem3 (.text:ti_sysbios_hal_Hwi_Params__init__S)
                  0000f06c    0000000c     app_ble_pem3.oem3 (.text:ti_sysbios_knl_Clock_Params__init__S)
                  0000f078    0000000c     app_ble_pem3.oem3 (.text:ti_sysbios_knl_Queue_Object__get__S)
                  0000f084    0000000c     sysbios.aem3 : BIOS.obj (.text:ti_sysbios_knl_Queue_dequeue__E)
                  0000f090    0000000c                  : BIOS.obj (.text:ti_sysbios_knl_Queue_enqueue__E)
                  0000f09c    0000000c     app_ble_pem3.oem3 (.text:ti_sysbios_knl_Semaphore_Params__init__S)
                  0000f0a8    0000000c     app_ble_pem3.oem3 (.text:ti_sysbios_knl_Swi_Params__init__S)
                  0000f0b4    0000000c     sysbios.aem3 : BIOS.obj (.text:ti_sysbios_knl_Swi_getTrigger__E)
                  0000f0c0    0000000c     app_ble_pem3.oem3 (.text:ti_sysbios_knl_Task_Params__init__S)
                  0000f0cc    0000000c     sysbios.aem3 : BIOS.obj (.text:ti_sysbios_knl_Task_self__E)
                  0000f0d8    0000000c                  : BIOS.obj (.text:xdc_runtime_Gate_enterSystem__E)
                  0000f0e4    0000000c                  : BIOS.obj (.text:xdc_runtime_HeapMin_getStats__E)
                  0000f0f0    0000000c                  : BIOS.obj (.text:xdc_runtime_Memory_calloc__E)
                  0000f0fc    0000000c                  : BIOS.obj (.text:xdc_runtime_Memory_getMaxDefaultTypeAlign__E)
                  0000f108    0000000c                  : BIOS.obj (.text:xdc_runtime_Startup_rtsDone__E)
                  0000f114    0000000a     I2CCC26XX.obj (.text:I2CCC26XX_init)
                  0000f11e    0000000a     I2C.obj (.text:I2C_close)
                  0000f128    0000000a     I2C.obj (.text:I2C_transfer)
                  0000f132    0000000a     icall_cc2650.obj (.text:ICallPlatform_pwrSwitchXOSCHF)
                  0000f13c    0000000a     icall.obj (.text:ICall_primE2S)
                  0000f146    0000000a     drivers_cc26xxware.aem3 : List.oem3 (.text:List_empty)
                  0000f150    0000000a     SPI.obj (.text:SPI_close)
                  0000f15a    0000000a     SPI.obj (.text:SPI_transfer)
                  0000f164    0000000a     sensortag.obj (.text:SensorTag_charValueChangeCB)
                  0000f16e    0000000a     sensortag.obj (.text:SensorTag_stateChangeCB)
                  0000f178    0000000a     drivers_cc26xxware.aem3 : UART.oem3 (.text:UART_write)
                  0000f182    0000000a     UDMACC26XX.obj (.text:UDMACC26XX_hwiIntFxn)
                  0000f18c    0000000a     app_ble_pem3.oem3 (.text:xdc_runtime_IHeap_alloc)
                  0000f196    00000008     icall_api.obj (.text:GGS_AddService)
                  0000f19e    00000008     I2CCC26XX.obj (.text:I2CCC26XX_blockingCallback)
                  0000f1a6    00000008     RFCC26XX_singleMode.obj (.text:RF_flushCmd)
                  0000f1ae    00000008     SPICC26XXDMA.obj (.text:SPICC26XXDMA_transferCallback)
                  0000f1b6    00000008     icall_api.obj (.text:gattAddService)
                  0000f1be    00000008     sensortag_io.obj (.text:ioChangeCB)
                  0000f1c6    00000008     drivers_cc26xxware.aem3 : UARTCC26XX.oem3 (.text:readSemCallback)
                  0000f1ce    00000008     sensortag_mov.obj (.text:sensorChangeCB)
                  0000f1d6    00000008     sysbios.aem3 : BIOS.obj (.text:ti_sysbios_family_arm_m3_Hwi_doSwiRestore__I)
                  0000f1de    00000008                  : BIOS.obj (.text:ti_sysbios_family_arm_m3_Hwi_startup__E)
                  0000f1e6    00000008                  : BIOS.obj (.text:ti_sysbios_knl_Idle_loop__E)
                  0000f1ee    00000008     drivers_cc26xxware.aem3 : UARTCC26XX.oem3 (.text:writeSemCallback)
                  0000f1f6    00000006     icall_api.obj (.text:GATTServApp_AddService)
                  0000f1fc    00000006     I2CCC26XX.obj (.text:I2CCC26XX_control)
                  0000f202    00000006     icall.obj (.text:ICall_mallocImpl)
                  0000f208    00000006     driverlib.lib : cpu.obj (.text:NOROM_CPUdelay)
                  0000f20e    00000006     drivers_cc26xxware.aem3 : UARTCC26XX.oem3 (.text:UARTCC26XX_readPolling)
                  0000f214    00000006                             : UARTCC26XX.oem3 (.text:UARTCC26XX_writePolling)
                  0000f21a    00000006     sysbios.aem3 : BIOS.obj (.text:__xdc__init)
                  0000f220    00000006     RFCC26XX_singleMode.obj (.text:clkInactivityFxn)
                  0000f226    00000006     rtsv7M3_T_le_eabi.lib : copy_decompress_rle.obj (.text:decompress:rle24)
                  0000f22c    00000006     icall_api.obj (.text:matchBondMgrSetParamCS)
                  0000f232    00000006     icall_api.obj (.text:matchGGSSetParamCS)
                  0000f238    00000006     icall_api.obj (.text:matchGapConnParamUpdateReplyCS)
                  0000f23e    00000006     icall_api.obj (.text:matchGapDeviceInitCS)
                  0000f244    00000006     icall_api.obj (.text:matchGapEndDiscoverableCS)
                  0000f24a    00000006     icall_api.obj (.text:matchGapGetParamCS)
                  0000f250    00000006     icall_api.obj (.text:matchGapMakeDiscoverableCS)
                  0000f256    00000006     icall_api.obj (.text:matchGapSetParamCS)
                  0000f25c    00000006     icall_api.obj (.text:matchGapTerminateAuthCS)
                  0000f262    00000006     icall_api.obj (.text:matchGapTerminateLinkReqCS)
                  0000f268    00000006     icall_api.obj (.text:matchGapUpdateAdvDataCS)
                  0000f26e    00000006     icall_api.obj (.text:matchGapUpdateLinkParamReqCS)
                  0000f274    00000006     icall_api.obj (.text:matchUtilNvReadCS)
                  0000f27a    00000006     icall_api.obj (.text:matchUtilNvWriteCS)
                  0000f280    00000006     sysbios.aem3 : BIOS.obj (.text:ti_sysbios_family_arm_m3_Hwi_doTaskRestore__I)
                  0000f286    00000006                  : BIOS.obj (.text:ti_sysbios_family_arm_m3_Hwi_restoreFxn__E)
                  0000f28c    00000006                  : BIOS.obj (.text:ti_sysbios_family_arm_m3_Hwi_setFunc__E)
                  0000f292    00000006                  : BIOS.obj (.text:ti_sysbios_gates_GateHwi_leave__E)
                  0000f298    00000006                  : BIOS.obj (.text:ti_sysbios_knl_Queue_Instance_init__E)
                  0000f29e    00000006                  : BIOS.obj (.text:ti_sysbios_knl_Queue_elemClear__E)
                  0000f2a4    00000006                  : BIOS.obj (.text:ti_sysbios_knl_Swi_startup__E)
                  0000f2aa    00000006                  : BIOS.obj (.text:ti_sysbios_knl_Task_enable__E)
                  0000f2b0    00000006                  : BIOS.obj (.text:xdc_runtime_System_Module_startup__E)
                  0000f2b6    00000004     tirtosport.aem3 : HwiP_tirtos.oem3 (.text:HwiP_disable)
                  0000f2ba    00000004     icall.obj (.text:ICall_primAbort)
                  0000f2be    00000004     drivers_cc26xxware.aem3 : List.oem3 (.text:List_head)
                  0000f2c2    00000004                             : List.oem3 (.text:List_next)
                  0000f2c6    00000004     RFCC26XX_singleMode.obj (.text:Q_peek)
                  0000f2ca    00000004     util.obj (.text:Util_startClock)
                  0000f2ce    00000004     util.obj (.text:Util_stopClock)
                  0000f2d2    00000004     drivers_cc26xxware.aem3 : PowerCC26XX.oem3 (.text:nopResourceHandler)
                  0000f2d6    00000004     app_ble_pem3.oem3 (.text:ti_sysbios_BIOS_RtsGateProxy_enter__E)
                  0000f2da    00000004     app_ble_pem3.oem3 (.text:ti_sysbios_BIOS_RtsGateProxy_leave__E)
                  0000f2de    00000004     sysbios.aem3 : BIOS.obj (.text:ti_sysbios_family_arm_cc26xx_Timer_getCount64__E)
                  0000f2e2    00000004                  : BIOS.obj (.text:ti_sysbios_family_arm_cc26xx_Timer_setPeriod__E)
                  0000f2e6    00000004     app_ble_pem3.oem3 (.text:ti_sysbios_family_arm_m3_Hwi_destruct)
                  0000f2ea    00000004     app_ble_pem3.oem3 (.text:ti_sysbios_family_arm_m3_TaskSupport_Module__startupDone__S)
                  0000f2ee    00000004     sysbios.aem3 : BIOS.obj (.text:ti_sysbios_gates_GateHwi_query__E)
                  0000f2f2    00000004                  : BIOS.obj (.text:ti_sysbios_gates_GateMutex_query__E)
                  0000f2f6    00000004     app_ble_pem3.oem3 (.text:ti_sysbios_knl_Clock_TimerProxy_getCurrentTick__E)
                  0000f2fa    00000004     app_ble_pem3.oem3 (.text:ti_sysbios_knl_Clock_TimerProxy_getMaxTicks__E)
                  0000f2fe    00000004     app_ble_pem3.oem3 (.text:ti_sysbios_knl_Clock_TimerProxy_setNextTick__E)
                  0000f302    00000004     app_ble_pem3.oem3 (.text:ti_sysbios_knl_Clock_destruct)
                  0000f306    00000004     sysbios.aem3 : BIOS.obj (.text:ti_sysbios_knl_Clock_isActive__E)
                  0000f30a    00000004                  : BIOS.obj (.text:ti_sysbios_knl_Clock_removeI__E)
                  0000f30e    00000004                  : BIOS.obj (.text:ti_sysbios_knl_Clock_setTimeout__E)
                  0000f312    00000004     app_ble_pem3.oem3 (.text:ti_sysbios_knl_Queue_destruct)
                  0000f316    00000004     sysbios.aem3 : BIOS.obj (.text:ti_sysbios_knl_Queue_head__E)
                  0000f31a    00000004                  : BIOS.obj (.text:ti_sysbios_knl_Queue_next__E)
[...]
0000fd90  __TI_static_base__                                          
00010468  __TI_Handler_Table_Base                                     
00010474  __TI_Handler_Table_Limit                                    
000104a0  __TI_CINIT_Base                                             
000104d0  __TI_CINIT_Limit                                            
10014c00  A1_rw                                                       
10014c00  __checksum_begin_CommonROM                                  
10014c01  COMMON_ROM_BASE_ADDR                                        
10014c04  P1_ro                                                       
10014c05  SCALARMUL_init                                              
10014ced  SCALARMUL_core                                              
10015019  SCALARMUL_final                                             
100150e5  SCALARMUL                                                   
10015101  SAVEPOINT                                                   
10015141  GETBIT                                                      
10015155  GETDIGIT                                                    
100151a5  GETDIGITL2R                                                 
10015215  SelectReg                                                   
10015229  ATOMICPATTERN                                               
100154f5  JACADD                                                      
1001568d  INVERT                                                      
10015821  SQUAREMULTIPLYWORD                                          
1001588c  LUTOPCODE                                                   
10015894  LUTOPSIGN                                                   
100158ac  LUTC                                                        
100158c4  LUTSE                                                       
100158dc  LUTINCI                                                     
100158f4  LUTJ                                                        
1001596c  LUTSTATE                                                    
100159a9  IMPORTLENGTH                                                
100159ad  IMPORTMODULUS                                               
100159d1  IMPORTOPERAND                                               
10015a11  EXPORTOPERAND                                               
10015a35  IMPORTDATA                                                  
10015a51  SETOPERAND                                                  
10015a6d  COPY                                                        
10015a85  ZERO                                                        
10015a91  SETWORD                                                     
10015a9d  mSET                                                        
10015bcd  zSET                                                        
10015bd5  mINVK                                                       
10015d19  zADD                                                        
10015d5d  zSUB                                                        
10015de9  zMACC32                                                     
10015e69  zSUB32                                                      
10015eb5  zADD32                                                      
10015f0d  zMULT32                                                     
10015f81  mMULT                                                       
10016551  mADD                                                        
1001664d  mSUB                                                        
10016749  mOUT                                                        
10016975  ssp_KeyInit_Sw                                              
10016979  sspAesEncrypt_Sw                                            
10016985  sspKeyExpansion_Sw                                          
10016a99  sspAesEncryptKeyExp_Sw                                      
10016af5  sspAesEncryptBasic_Sw                                       
10016b79  RoundKey_Sw                                                 
10016c29  AddRoundKeySubBytes_Sw                                      
10016c45  ShiftRows_Sw                                                
10016c79  MixColumns_Sw                                               
10016d05  FFMult_Sw                                                   
10016d29  sspAesDecrypt_Sw                                            
10016da1  InvAddRoundKey_Sw                                           
10016dc9  InvRoundKey_Sw                                              
10016e8d  InvSubBytes_Sw                                              
10016ea1  InvShiftRows_Sw                                             
10016ed5  InvMixColumns_Sw                                            
10016f58  FFMult2                                                     
10017058  FFMult3                                                     
10017158  RCon                                                        
10017164  Sbox                                                        
10017264  InvSbox                                                     
10017365  SSP_CCM_Auth_Sw                                             
100174fd  SSP_CCM_Encrypt_Sw                                          
100175ed  SSP_CTR_Encrypt_Sw                                          
1001767d  SSP_CCM_Decrypt_Sw                                          
10017771  SSP_CTR_Decrypt_Sw                                          
10017839  SSP_CCM_InvAuth_Sw                                          
10017895  SSP_CCM_Auth_Encrypt_Sw                                     
100178f5  SSP_CCM_InvAuth_Decrypt_Sw                                  
10017959  ECC_allocWorkzone                                           
10017961  ECC_setWin                                                  
10017969  ECDSA_sign                                                  
10017b01  ECDSA_verif                                                 
10017dbd  eccRom_genKeys                                              
10017ded  eccRom_genSharedSecret                                      
10017e39  SHA256_updateW                                              
10017e75  SHA256_round                                                
10017ef1  SHA256_nextState                                            
10017f49  SHA256_saveBuffer                                           
10017ffd  SHA256_init                                                 
10018019  SHA256_process                                              
10018089  SHA256_final                                                
10018129  SHA256_full                                                 
100182ad  RFHAL_InitRfHal                                             
10018315  RFHAL_AllocRatChan                                          
1001833d  RFHAL_FreeRatChan                                           
10018369  RFHAL_MapRatChansToInt                                      
10018391  RFHAL_RegisterRatChanCallback                               
100183b9  RFHAL_InitDataQueue                                         
100183c5  RFHAL_QueueRFDataEntries                                    
10018415  RFHAL_AddTxDataEntry                                        
10018485  RFHAL_FreeNextTxDataEntry                                   
100184a9  RFHAL_AllocDataEntryQueue                                   
100184c5  RFHAL_FreeDataEntryQueue                                    
100184cd  RFHAL_GetNextDataEntry                                      
100184d1  RFHAL_GetTempDataEntry                                      
100184d5  RFHAL_NextDataEntryDone                                     
100184f9  RFHAL_AllocDataEntry                                        
10018549  RFHAL_FreeDataEntry                                         
10018551  RFHAL_BuildRingBuffer                                       
100185e1  RFHAL_BuildDataEntryRingBuffer                              
10018669  RFHAL_BuildLinkedBuffer                                     
10018755  MB_Init                                                     
10018799  MB_EnableInts                                               
100187f5  MB_DisableInts                                              
10018825  MB_ClearInts                                                
10018835  MB_EnableHWInts                                             
10018865  MB_SendCommand                                              
100188a5  MB_SendCommandSynch                                         
10018935  MB_ReadMailboxStatus                                        
1001893d  MB_RegisterIsrCback                                         
10018945  MB_FwDebugDump                                              
10018949  mbCmdAckIsr                                                 
1001895d  mbCpe0Isr                                                   
10018985  mbCpe1Isr                                                   
100189e5  mbHwIsr                                                     
10018a19  AesCcm_authEncrypt_Sw                                       
10018a35  AesCcm_decryptAuth_Sw                                       
10018a99  Aes_encrypt_Sw                                              
10018ac5  Aes_decrypt_Sw                                              
10018b09  AesCcm_getNumBlocks_Sw                                      
10018b0c  NIST_Curve_P256_p                                           
10018b30  NIST_Curve_P256_r                                           
10018b54  NIST_Curve_P256_a                                           
10018b78  NIST_Curve_P256_b                                           
10018b9c  NIST_Curve_P256_Gx                                          
10018bc0  NIST_Curve_P256_Gy                                          
10018ced  __exit                                                      
10018d6c  Fill1                                                       
10019ffc  A3_rw                                                       
10019ffd  __checksum_end_CommonROM                                    
10019ffe  A2_rw                                                       
10019ffe  P1_ro_2                                                     
10019ffe  __checksum_CommonROM                                        
20000000  ti_sysbios_family_arm_m3_Hwi_ramVectors                     
20000650  ti_sysbios_family_arm_cc26xx_Timer_Module__root__V          
20000658  ti_sysbios_family_arm_cc26xx_Timer_Module__state__V         
20000660  ti_sysbios_family_arm_m3_Hwi_Module__root__V                
20000668  ti_sysbios_family_arm_m3_Hwi_Object__table__V               
20000680  ti_sysbios_family_arm_m3_Hwi_Module_State_0_excActive__A    
20000684  ti_sysbios_family_arm_m3_Hwi_Module_State_0_excContext__A   
20000688  ti_sysbios_family_arm_m3_Hwi_Module_State_0_excStack__A     
2000068c  ti_sysbios_gates_GateHwi_Module__root__V                    
20000694  ti_sysbios_gates_GateHwi_Object__table__V                   
20000698  ti_sysbios_gates_GateMutex_Module__root__V                  
200006a0  ti_sysbios_gates_GateMutex_Object__table__V                 
200006bc  ti_sysbios_hal_Hwi_Module__root__V                          
200006c4  ti_sysbios_knl_Clock_Module__root__V                        
200006cc  ti_sysbios_knl_Clock_Object__table__V                       
200006ec  ti_sysbios_knl_Queue_Module__root__V                        
200006f4  ti_sysbios_knl_Semaphore_Module__root__V                    
200006fc  ti_sysbios_knl_Swi_Module__root__V                          
20000704  ti_sysbios_knl_Swi_Module__state__V                         
20000720  ti_sysbios_knl_Task_Module__root__V                         
20000728  ti_sysbios_knl_Task_Module_State_0_idleTask__A              
2000072c  xdc_runtime_Error_Module__state__V                          
20000730  xdc_runtime_HeapMin_Module__root__V                         
20000738  xdc_runtime_HeapMin_Object__table__V                        
20000748  xdc_runtime_Memory_Module__state__V                         
2000074c  xdc_runtime_Registry_Module__state__V                       
20000754  xdc_runtime_Startup_Module__state__V                        
2000075c  xdc_runtime_System_Module__state__V                         
20000764  xdc_runtime_Text_Module__state__V                           
2000076c  __xdc__init__addr                                           
20000770  PowerCC26XX_module                                          
200009e0  _Denorm                                                     
200009f0  _Eps                                                        
20000a00  _Hugeval                                                    
20000a10  _Inf                                                        
20000a20  _Nan                                                        
20000a30  _Snan                                                       
20000a40  _Rteps                                                      
20000a50  _Xbig                                                       
20000a58  _Zero                                                       
20000b50  gapProfileState                                             
20000bfc  rfRegTbl                                                    
20000c9c  ti_sysbios_knl_Task_Object__table__V                        
20000ce8  ti_sysbios_family_arm_cc26xx_Timer_Object__table__V         
20000d30  ti_sysbios_knl_Task_Module__state__V                        
20000d74  ti_sysbios_family_arm_m3_Hwi_Module__state__V               
20000da8  ti_sysbios_knl_Swi_Module_State_0_readyQ__A                 
20000dd8  ti_sysbios_knl_Swi_Object__table__V                         
20000e08  ti_sysbios_knl_Task_Module_State_0_readyQ__A                
20000e38  user0Cfg                                                    
20000e68  ti_sysbios_knl_Clock_Module__state__V                       
20000ebc  ti_sysbios_BIOS_Module__state__V                            
20000f40  ICall_enterCriticalSection                                  
20000f44  ICall_leaveCriticalSection                                  
20000f48  ICall_dispatcher                                            
20000f4c  lastAppOpcodeSent                                           
20000f50  pfnBMAlloc                                                  
20000f54  pfnBMFree                                                   
20000f68  _lock                                                       
20000f6c  _unlock                                                     
20000f70  __TI_cleanup_ptr                                            
20000f74  __TI_dtors_ptr                                              
20000f78  _Fenv                                                       
20000f7c  _Tls_setup__Fenv                                            
20000f94  appAssertCback                                              
20000f9c  _Errno                                                      
20000fa0  main_func_sp                                                
20000fb0  xdc_runtime_HeapMin_Instance_State_0_buf__A                 
20001cf0  ti_sysbios_knl_Task_Instance_State_0_stack__A               
20001ef0  gapRoleTaskStack                                            
200020a8  spiCC26XXDMAObjects                                         
20002260  uartCC26XXObjects                                           
20002374  HEAPMGR_SIZE                                                
20002578  i2cCC26xxObjects                                            
20002658  ti_sysbios_family_arm_m3_Hwi_dispatchTable                  
200027a4  PIN_HandleTable                                             
20002880  gapRoleTask                                                 
20002b38  udmaObjects                                                 
20002c98  pinGpioState                                                
20002cd0  PIN_NumPins                                                 
20002cec  hGpioPin                                                    
20002d34  sem                                                         
20002d44  trngCC26XXObjects                                           
20002d65  driverlib_release_0_46593                                   
20002d71  linkDBNumConns                                              
20002d7b  selfEntityMain                                              
20002d84  heapStart                                                   
20004228  __stack                                                     
20004228  heapEnd                                                     
20004428  __STACK_END                                                 
20004428  __STACK_TOP                                                 
20004f2c  A4_rw                                                       
20004f2c  COMMON_RAM_BASE_ADDR                                        
20004f40  P2_rw                                                       
20004f40  P2_s0                                                       
20004f40  eccRom_windowSize                                           
20004f44  eccRom_workzone                                             
20004f48  eccRom_param_p                                              
20004f4c  eccRom_param_r                                              
20004f50  eccRom_param_a                                              
20004f54  inScalar                                                    
20004f58  inPointX                                                    
20004f5c  inPointY                                                    
20004f60  outPointX                                                   
20004f64  outPointY                                                   
20004f68  SCAL                                                        
20004f6c  EXPX                                                        
20004f70  EXPY                                                        
20004f74  EXPZ                                                        
20004f78  EXPW                                                        
20004f7c  ACCX                                                        
20004f80  ACCY                                                        
20004f84  ACCZ                                                        
20004f88  TMP1                                                        
20004f8c  TMP2                                                        
20004f90  TMP3                                                        
20004f94  TMP4                                                        
20004f98  TMP5                                                        
20004f9c  TMP6                                                        
20004fa0  eccRom_param_Gx                                             
20004fa4  eccRom_param_Gy                                             
20004fa8  eccRom_param_b                                              
20004fac  P2_zi                                                       
20004fac  ratChanInfo                                                 
20004fcc  fwInfoCmd                                                   
20004fd8  MSBMOD                                                      
20004fdc  aux64                                                       
20004fe4  MOD                                                         
20004fe8  LEN                                                         
20004ffc  pSspAesEncrypt_Sw                                           
e000e000  ti_sysbios_family_arm_m3_Hwi_nvic                           
ffffffff  __binit__                                                   
ffffffff  __c_args__                                                  
ffffffff  binit                                                       
UNDEFED   SHT$$INIT_ARRAY$$Base                                       
UNDEFED   SHT$$INIT_ARRAY$$Limit                                      

[1061 symbols]
